// Jest Snapshot v1, https://goo.gl/fbAQLP

exports[`renders a Container  1`] = `
<Component
  style={
    Array [
      Object {
        "alignItems": "center",
        "justifyContent": "center",
        "padding": 10,
      },
      Object {
        "backgroundColor": "red",
      },
    ]
  }
>
  <Component>
    Label
  </Component>
</Component>
`;
